// Jest Snapshot v1, https://goo.gl/fbAQLP

exports[`GitHubCard stapshot 1`] = `
<div
  className="card"
  style={
    Object {
      "width": "18rem",
    }
  }
>
  <img
    className="card-img-top"
    src="https://picsum.photos/100/180"
  />
  <div
    className="card-body"
  >
    <div
      className="card-title h5"
    >
      ZacharyD97
    </div>
    <p
      className="card-text"
    >
      My name is zach i am a full stack software engineer with skill in reactjs, javaScript and bootstrap
    </p>
  </div>
</div>
`;

exports[`renders a snapshot 1`] = `
<div
  className="App"
>
  <header
    className="App-header"
  >
    <img
      alt="logo"
      className="App-logo"
      src="logo.svg"
    />
    <p>
      Edit 
      <code>
        src/App.js
      </code>
       and save to reload.
    </p>
    <h2>
      Hello world
    </h2>
    <a
      className="App-link"
      href="https://reactjs.org"
      rel="noopener noreferrer"
      target="_blank"
    >
      Learn React
    </a>
  </header>
</div>
`;
